// Jest Snapshot v1, https://goo.gl/fbAQLP

exports[`EditableCanvas renders the editable canvas unchanged 1`] = `ShallowWrapper {}`;
