// Jest Snapshot v1, https://goo.gl/fbAQLP

exports[`AnnotationList renders the annotations list unchanged 1`] = `
ShallowWrapper {
  Symbol(enzyme.__root__): [Circular],
  Symbol(enzyme.__unrendered__): <WithStyles(AnnotationList)
    annotations={
      Array [
        Object {
          "id": "test-annotation-1",
        },
        Object {
          "id": "test-annotation-2",
        },
      ]
    }
  />,
  Symbol(enzyme.__renderer__): Object {
    "batchedUpdates": [Function],
    "getNode": [Function],
    "render": [Function],
    "simulateError": [Function],
    "simulateEvent": [Function],
    "unmount": [Function],
  },
  Symbol(enzyme.__node__): Object {
    "instance": null,
    "key": undefined,
    "nodeType": "function",
    "props": Object {
      "annotations": Array [
        Object {
          "id": "test-annotation-1",
        },
        Object {
          "id": "test-annotation-2",
        },
      ],
      "classes": Object {
        "annotationDraggable": "AnnotationList-annotationDraggable-2",
        "defaultAnnotation": "AnnotationList-defaultAnnotation-3",
        "defaultAnnotationText": "AnnotationList-defaultAnnotationText-4",
        "defaultAnnotationTypo": "AnnotationList-defaultAnnotationTypo-5",
        "defaultNoAnnotationIndicator": "AnnotationList-defaultNoAnnotationIndicator-6",
        "list": "AnnotationList-list-1",
      },
      "iconProvider": [Function],
      "invokeAction": [Function],
      "remove": [Function],
      "select": [Function],
      "selected": null,
    },
    "ref": null,
    "rendered": null,
    "type": [Function],
  },
  Symbol(enzyme.__nodes__): Array [
    Object {
      "instance": null,
      "key": undefined,
      "nodeType": "function",
      "props": Object {
        "annotations": Array [
          Object {
            "id": "test-annotation-1",
          },
          Object {
            "id": "test-annotation-2",
          },
        ],
        "classes": Object {
          "annotationDraggable": "AnnotationList-annotationDraggable-2",
          "defaultAnnotation": "AnnotationList-defaultAnnotation-3",
          "defaultAnnotationText": "AnnotationList-defaultAnnotationText-4",
          "defaultAnnotationTypo": "AnnotationList-defaultAnnotationTypo-5",
          "defaultNoAnnotationIndicator": "AnnotationList-defaultNoAnnotationIndicator-6",
          "list": "AnnotationList-list-1",
        },
        "iconProvider": [Function],
        "invokeAction": [Function],
        "remove": [Function],
        "select": [Function],
        "selected": null,
      },
      "ref": null,
      "rendered": null,
      "type": [Function],
    },
  ],
  Symbol(enzyme.__options__): Object {
    "adapter": ReactSixteenAdapter {
      "options": Object {
        "enableComponentDidUpdateOnSetState": true,
        "lifecycles": Object {
          "componentDidUpdate": Object {
            "onSetState": true,
          },
          "getDerivedStateFromProps": true,
          "getSnapshotBeforeUpdate": true,
          "setState": Object {
            "skipsComponentDidUpdateOnNullish": true,
          },
        },
      },
    },
  },
}
`;
